wav         elem   EP    c2       A        B       C    
6439.813   20.0  2.526 1.00   -6.968    5.068  -1.288
6456.337   20.0  2.523 1.00   -7.372    4.664  -1.692
6494.525   20.0  2.521 1.00   -7.186    4.850  -1.506
6499.682   20.0  2.523 1.00   -7.395    4.641  -1.715
6718.451   20.0  2.709 1.00   -7.098    4.938  -1.418
6605.139   21.1  1.500 1.00  -11.817    0.219  -2.947
4759.808   22.0  2.256 1.00   -9.328    2.708  -2.308
4723.141   22.0  1.053 1.00   -8.903    3.133  -1.883
4742.070   22.0  2.236 1.00   -7.851    4.185  -0.831
6554.393   22.0  1.443 1.00   -8.414    3.622  -1.394
6090.266   23.0  1.064 1.00   -7.939    4.097   0.101
6113.095   23.0  1.043 1.00  -10.847    1.189  -2.807
4718.948   24.0  3.195 1.00   -8.295    3.741  -1.925
4756.651   24.0  3.104 1.00   -8.271    3.765  -1.901
4737.315   26.0  3.211 1.00   -5.906    6.130  -1.366
4740.834   26.0  2.832 1.00   -7.387    4.649  -2.847
6066.179   26.0  2.609 1.00   -6.485    5.551  -1.945
6083.406   26.0  2.223 1.00   -6.633    5.403  -2.093
6400.737   26.0  0.915 1.00   -6.202    5.834  -1.662
6408.752   26.0  3.686 1.00   -6.577    5.459  -2.037
6412.381   26.0  2.453 1.00   -4.212    7.824   0.328
6481.522   26.0  2.279 1.00   -6.851    5.185  -2.311
6574.977   26.0  0.990 1.00   -6.472    5.564  -1.932
6581.961   26.0  1.485 1.00   -6.560    5.476  -2.020
6593.670   26.0  2.728 1.00   -6.233    5.803  -1.693
6594.625   26.0  2.433 1.00   -6.256    5.780  -1.716
6609.864   26.0  2.559 1.00   -6.343    5.693  -1.803
6664.203   26.0  2.424 1.00   -6.346    5.690  -1.806
6678.752   26.0  2.692 1.00   -6.137    5.899  -1.597
6750.927   26.0  2.424 1.00   -6.324    5.712  -1.784
4727.946   27.0  0.432 1.00   -8.479    3.557  -1.359
4703.530   28.0  3.658 1.00   -5.049    6.987   0.741
4714.955   28.0  3.380 1.00   -7.617    4.419  -1.827
4754.578   28.0  3.635 1.00   -6.039    5.997  -0.249
4757.057   28.0  3.480 1.00   -7.874    4.162  -2.084
6005.018   28.0  1.676 1.00   -8.223    3.813  -2.433
6085.938   28.0  4.266 1.00   -7.101    4.935  -1.311
6108.811   28.0  1.676 1.00   -7.761    4.275  -1.971
6482.628   28.0  1.935 1.00   -7.282    4.754  -1.492
6538.110   28.0  1.935 1.00   -7.285    4.751  -1.495
6644.385   28.0  1.676 1.00   -7.384    4.652  -1.594
6768.549   28.0  1.826 1.00   -7.634    4.402  -1.844
4722.692   30.0  4.030 1.00   -9.079    2.957  -1.639
