wav         elem   EP    c2       A        B       C    
6439.813   20.0  2.526 1.00   -6.376    5.660  -0.696
6456.337   20.0  2.523 1.00   -6.971    5.065  -1.291
6494.525   20.0  2.521 1.00   -6.623    5.413  -0.943
6499.682   20.0  2.523 1.00   -6.960    5.076  -1.280
6718.451   20.0  2.709 1.00   -6.630    5.406  -0.950
6605.139   21.1  1.500 1.00  -11.746    0.290  -2.876
4759.808   22.0  2.256 1.00   -8.838    3.198  -1.818
4723.141   22.0  1.053 1.00   -8.244    3.792  -1.224
4742.070   22.0  2.236 1.00   -7.302    4.734  -0.282
6554.393   22.0  1.443 1.00   -7.756    4.280  -0.736
6090.266   23.0  1.064 1.00   -7.248    4.788   0.792
6113.095   23.0  1.043 1.00  -10.156    1.880  -2.116
4718.948   24.0  3.195 1.00   -7.926    4.110  -1.556
4756.651   24.0  3.104 1.00   -7.889    4.147  -1.519
4737.315   26.0  3.211 1.00   -5.321    6.715  -0.781
4740.834   26.0  2.832 1.00   -6.858    5.178  -2.318
6066.179   26.0  2.609 1.00   -5.734    6.302  -1.194
6083.406   26.0  2.223 1.00   -5.988    6.048  -1.448
6400.737   26.0  0.915 1.00   -5.217    6.819  -0.677
6408.752   26.0  3.686 1.00   -6.071    5.965  -1.531
6412.381   26.0  2.453 1.00   -3.455    8.581   1.085
6481.522   26.0  2.279 1.00   -6.195    5.841  -1.655
6574.977   26.0  0.990 1.00   -5.627    6.409  -1.087
6581.961   26.0  1.485 1.00   -5.801    6.235  -1.261
6593.670   26.0  2.728 1.00   -5.462    6.574  -0.922
6594.625   26.0  2.433 1.00   -5.501    6.535  -0.961
6609.864   26.0  2.559 1.00   -5.686    6.350  -1.146
6664.203   26.0  2.424 1.00   -5.608    6.428  -1.068
6678.752   26.0  2.692 1.00   -5.349    6.687  -0.809
6750.927   26.0  2.424 1.00   -5.603    6.433  -1.063
4727.946   27.0  0.432 1.00   -7.607    4.429  -0.487
4703.530   28.0  3.658 1.00   -4.597    7.439   1.193
4714.955   28.0  3.380 1.00   -7.136    4.900  -1.346
4754.578   28.0  3.635 1.00   -5.584    6.452   0.206
4757.057   28.0  3.480 1.00   -7.473    4.563  -1.683
6005.018   28.0  1.676 1.00   -7.579    4.457  -1.789
6085.938   28.0  4.266 1.00   -6.772    5.264  -0.982
6108.811   28.0  1.676 1.00   -7.068    4.968  -1.278
6482.628   28.0  1.935 1.00   -6.595    5.441  -0.805
6538.110   28.0  1.935 1.00   -6.657    5.379  -0.867
6644.385   28.0  1.676 1.00   -6.567    5.469  -0.777
6768.549   28.0  1.826 1.00   -6.879    5.157  -1.089
4722.692   30.0  4.030 1.00   -8.998    3.038  -1.558
